Using src/app as the root directory for Expo Router.
Starting Metro Bundler

| (node:28292) Warning: The 'NO_COLOR' env is ignored due to the 'FORCE_COLOR' env being set.
| (Use `node --trace-warnings ...` to show where the warning was created)
| (node:28292) Warning: The 'NO_COLOR' env is ignored due to the 'FORCE_COLOR' env being set.
| (Use `node --trace-warnings ...` to show where the warning was created)
Web Bundled 2633ms node_modules\expo-router\entry.js (1629 modules)

› Assets (47):
assets\art\home.6f9ce9eacbbdced6ea0e10ddada50768.png (1.7MB)
assets\art\moon.f7eaaa765552d1da259e092b9342f3f8.png (1.6MB)
assets\art\sounds.e62effabdb8e504b318613923fa0c210.png (1.9MB)
assets\art\sprout.91aa5d5eddcdfa1c52ebfae66bb2151d.png (1.8MB)
assets\art\valley-no-sun.cdfba61d35edac5c996243acbcbd6d6e.png (1.8MB)
assets\art\valley.b6a94e382fc4615801cd113d8138f6a0.png (1.9MB)
assets\audio\alarms\daybreak_arcade.ea75f1c1230862c2024cfdd6007410c1.wav (1MB)
assets\audio\alarms\daybreak_biohazard.ae50161298f1d63fe73806e5400894f8.wav (1.3MB)
assets\audio\alarms\daybreak_bright_alarm.fb638678ad0d26bd7be213d498fbb134.wav (752KB)
assets\audio\alarms\daybreak_classic_bell.c29177cebc357343a03c3bef85cf0adf.wav (1.2MB)
assets\audio\alarms\daybreak_digital_beep.35171ed630f2dc908b5712a7f0da32e3.wav (219KB)
assets\audio\alarms\daybreak_electronic.a89b801a29ec4a780f4b38663214313a.wav (312KB)
assets\audio\alarms\daybreak_emergency.162cbb434090f8a14475d0f2948ee4b7.wav (444KB)
assets\audio\alarms\daybreak_funny_alarm.2575f5d3783ca885839adaa06da06e4a.wav (419KB)
assets\audio\alarms\daybreak_lofi.5b92b5f689278fbb332a1f3c95c8d066.wav (1.3MB)
assets\audio\alarms\daybreak_pulse.1bfbf073417eb3064374e1f46dcc75fe.wav (1.3MB)
assets\audio\alarms\daybreak_retro_clock.dd8cf9d769851ca556f01983aaf2b970.wav (270KB)
assets\audio\alarms\daybreak_rooster.58cb20feee66c4dc36dd2558942d65d3.wav (169KB)
assets\audio\alarms\daybreak_short_ring.c169a12a4acc1f0efa4a3023b4089e79.wav (379KB)
assets\audio\alarms\daybreak_steady_alarm.c6a659142a6a1e6e3b30a69a8339577b.wav (1.3MB)
assets\audio\alarms\daybreak_wake_up.20f432a57c5853840b01ddad6921620a.wav (905KB)
assets\audio\prepared\refresh_full_adhan_alafasy_fajr.c51c7f956570770167ab78fef7e980fe.wav (10MB)
assets\audio\prepared\refresh_full_adhan.50df49fa63c371fe2d47869cdf2136bb.wav (9MB)
assets\fonts\AmiriQuran-Regular.940b9a0e46485ff92ee220ed4ec242a4.ttf (137KB)
node_modules\@expo-google-fonts\nunito\400Regular\Nunito_400Regular.f04f0e9ff969fd52a75deade3a9761cd.ttf (132KB)
node_modules\@expo-google-fonts\nunito\600SemiBold\Nunito_600SemiBold.b1364260246b29fd9393a1a071f3af61.ttf (132KB)
node_modules\@expo-google-fonts\nunito\700Bold\Nunito_700Bold.c133c0b8cd169e7798d0cd239477cf32.ttf (132KB)
node_modules\@expo-google-fonts\nunito\800ExtraBold\Nunito_800ExtraBold.2b1bb82750274fc2d1043bf3891cb531.ttf (132KB)
node_modules\@expo\vector-icons\build\vendor\react-native-vector-icons\Fonts\Ionicons.b4eb097d35f44ed943676fd56f6bdc51.ttf (390KB)
node_modules\expo-router\assets\arrow_down.017bc6ba3fc25503e5eb5e53826d48a8.png (9.5KB)
node_modules\expo-router\assets\error.d1ea1496f9057eb392d5bbf3732a61b7.png (469B)
node_modules\expo-router\assets\file.19eeb73b9593a38f8e9f418337fc7d10.png (138B)
node_modules\expo-router\assets\forward.d8b800c443b8972542883e0b9de2bdc6.png (188B)
node_modules\expo-router\assets\pkg.ab19f4cbc543357183a20571f68380a3.png (364B)
node_modules\expo-router\assets\react-navigation\elements\back-icon-mask.0a328cd9c1afd0afe8e3b1ec5165b1b4.png (653B)
node_modules\expo-router\assets\react-navigation\elements\back-icon.35ba0eaec5a4f5ed12ca16fabeae451d.png (207B)
node_modules\expo-router\assets\react-navigation\elements\clear-icon.c94f6478e7ae0cdd9f15de1fcb9e5e55.png (4 variations | 425B)
node_modules\expo-router\assets\react-navigation\elements\close-icon.808e1b1b9b53114ec2838071a7e6daa7.png (4 variations | 235B)
node_modules\expo-router\assets\react-navigation\elements\search-icon.286d67d3f74808a60a78d3ebf1a5fb57.png (928B)
node_modules\expo-router\assets\sitemap.412dd9275b6b48ad28f5e3d81bb1f626.png (465B)
node_modules\expo-router\assets\unmatched.20e71bdf79e3a97bf55fd9e164041578.png (4.8KB)

› web bundles (1):
_expo/static/js/web/entry-9f09d8b526e70c72eef560a3e648c8fc.js (3.4MB)

› Files (3):
favicon.ico (15KB)
index.html (1.2KB)
metadata.json (49B)

Exported: dist
